core_cm4.h:1452:22:void NVIC_EnableIRQ(IRQn_Type)	16	static
core_cm4.h:1535:22:void NVIC_SetPriority(IRQn_Type, uint32_t)	16	static
initialisation.h:47:6:void SystemClock_Config()	16	static
initialisation.h:95:6:void InitSysTick(uint32_t, uint32_t)	16	static
initialisation.h:111:6:void InitDAC()	4	static
initialisation.h:132:6:void InitSwitches()	8	static
initialisation.h:188:6:void InitTimer()	8	static
initialisation.h:203:6:void InitADC()	4	static
initialisation.h:380:6:void WriteToFlash(CalibSettings&)	32	static
initialisation.h:407:6:void CalibRestore(CalibSettings&)	40	static
cmath:411:3:constexpr float std::pow(float, float)	16	static
main.cpp:79:7:void TIM3_IRQHandler()	4	static
main.cpp:94:7:void EXTI15_10_IRQHandler()	4	static
main.cpp:105:7:void EXTI9_5_IRQHandler()	4	static
main.cpp:118:7:float Interpolate(float*, float&)	24	static
main.cpp:126:7:float GetPhaseDist(const float*, float, float, float)	32	static
main.cpp:140:7:float GetBlendPhaseDist(float, float, float, const float&)	56	static
main.cpp:163:6:void CreateLUTs()	32	static
main.cpp:182:5:int main()	56	static
stl_algobase.h:195:5:const _Tp& std::min(const _Tp&, const _Tp&) [with _Tp = int]	16	static
stl_algobase.h:219:5:const _Tp& std::max(const _Tp&, const _Tp&) [with _Tp = float]	16	static
